MO fp_divider NULL fp_divider.v vlg2C/fp__divider.bin 1624290132
MO fp_min NULL fp_min.v vlg11/fp__min.bin 1624290132
MO fp_multiplier NULL fp_multiplier.v vlg58/fp__multiplier.bin 1624290132
MO FPALU NULL FPALU.v vlg20/_f_p_a_l_u.bin 1624290132
MO fp_adder NULL fp_adder.v vlg5D/fp__adder.bin 1624290132
MO int_multiplier NULL int_multiplier.v vlg71/int__multiplier.bin 1624283978
