Analysis & Synthesis report for idreg
Mon Jun 07 22:59:08 2021
Quartus II 64-Bit Version 13.0.1 Build 232 06/12/2013 Service Pack 1 SJ Web Edition


---------------------
; Table of Contents ;
---------------------
  1. Legal Notice
  2. Analysis & Synthesis Summary
  3. Analysis & Synthesis Settings
  4. Parallel Compilation
  5. Analysis & Synthesis Source Files Read
  6. Analysis & Synthesis Resource Usage Summary
  7. Analysis & Synthesis Resource Utilization by Entity
  8. General Register Statistics
  9. Parameter Settings for User Entity Instance: LPM_DFF:inst14
 10. Parameter Settings for User Entity Instance: LPM_DFF:inst13
 11. Parameter Settings for User Entity Instance: LPM_DFF:inst9
 12. Parameter Settings for User Entity Instance: LPM_DFF:inst12
 13. Parameter Settings for User Entity Instance: LPM_DFF:inst
 14. Parameter Settings for User Entity Instance: LPM_DFF:inst8
 15. Parameter Settings for User Entity Instance: LPM_DFF:inst10
 16. Parameter Settings for User Entity Instance: LPM_DFF:inst11
 17. Parameter Settings for User Entity Instance: LPM_DFF:inst6
 18. Elapsed Time Per Partition
 19. Analysis & Synthesis Messages



----------------
; Legal Notice ;
----------------
Copyright (C) 1991-2013 Altera Corporation
Your use of Altera Corporation's design tools, logic functions 
and other software and tools, and its AMPP partner logic 
functions, and any output files from any of the foregoing 
(including device programming or simulation files), and any 
associated documentation or information are expressly subject 
to the terms and conditions of the Altera Program License 
Subscription Agreement, Altera MegaCore Function License 
Agreement, or other applicable license agreement, including, 
without limitation, that your use is for the sole purpose of 
programming logic devices manufactured by Altera and sold by 
Altera or its authorized distributors.  Please refer to the 
applicable agreement for further details.



+--------------------------------------------------------------------------------------+
; Analysis & Synthesis Summary                                                         ;
+------------------------------------+-------------------------------------------------+
; Analysis & Synthesis Status        ; Successful - Mon Jun 07 22:59:08 2021           ;
; Quartus II 64-Bit Version          ; 13.0.1 Build 232 06/12/2013 SP 1 SJ Web Edition ;
; Revision Name                      ; idreg                                           ;
; Top-level Entity Name              ; Block3                                          ;
; Family                             ; Cyclone IV GX                                   ;
; Total logic elements               ; 152                                             ;
;     Total combinational functions  ; 0                                               ;
;     Dedicated logic registers      ; 152                                             ;
; Total registers                    ; 152                                             ;
; Total pins                         ; 371                                             ;
; Total virtual pins                 ; 0                                               ;
; Total memory bits                  ; 0                                               ;
; Embedded Multiplier 9-bit elements ; 0                                               ;
; Total GXB Receiver Channel PCS     ; 0                                               ;
; Total GXB Receiver Channel PMA     ; 0                                               ;
; Total GXB Transmitter Channel PCS  ; 0                                               ;
; Total GXB Transmitter Channel PMA  ; 0                                               ;
; Total PLLs                         ; 0                                               ;
+------------------------------------+-------------------------------------------------+


+----------------------------------------------------------------------------------------------------------------------+
; Analysis & Synthesis Settings                                                                                        ;
+----------------------------------------------------------------------------+--------------------+--------------------+
; Option                                                                     ; Setting            ; Default Value      ;
+----------------------------------------------------------------------------+--------------------+--------------------+
; Top-level entity name                                                      ; Block3             ; idreg              ;
; Family name                                                                ; Cyclone IV GX      ; Cyclone IV GX      ;
; Use smart compilation                                                      ; Off                ; Off                ;
; Enable parallel Assembler and TimeQuest Timing Analyzer during compilation ; On                 ; On                 ;
; Enable compact report table                                                ; Off                ; Off                ;
; Restructure Multiplexers                                                   ; Auto               ; Auto               ;
; Create Debugging Nodes for IP Cores                                        ; Off                ; Off                ;
; Preserve fewer node names                                                  ; On                 ; On                 ;
; Disable OpenCore Plus hardware evaluation                                  ; Off                ; Off                ;
; Verilog Version                                                            ; Verilog_2001       ; Verilog_2001       ;
; VHDL Version                                                               ; VHDL_1993          ; VHDL_1993          ;
; State Machine Processing                                                   ; Auto               ; Auto               ;
; Safe State Machine                                                         ; Off                ; Off                ;
; Extract Verilog State Machines                                             ; On                 ; On                 ;
; Extract VHDL State Machines                                                ; On                 ; On                 ;
; Ignore Verilog initial constructs                                          ; Off                ; Off                ;
; Iteration limit for constant Verilog loops                                 ; 5000               ; 5000               ;
; Iteration limit for non-constant Verilog loops                             ; 250                ; 250                ;
; Add Pass-Through Logic to Inferred RAMs                                    ; On                 ; On                 ;
; Infer RAMs from Raw Logic                                                  ; On                 ; On                 ;
; Parallel Synthesis                                                         ; On                 ; On                 ;
; DSP Block Balancing                                                        ; Auto               ; Auto               ;
; NOT Gate Push-Back                                                         ; On                 ; On                 ;
; Power-Up Don't Care                                                        ; On                 ; On                 ;
; Remove Redundant Logic Cells                                               ; Off                ; Off                ;
; Remove Duplicate Registers                                                 ; On                 ; On                 ;
; Ignore CARRY Buffers                                                       ; Off                ; Off                ;
; Ignore CASCADE Buffers                                                     ; Off                ; Off                ;
; Ignore GLOBAL Buffers                                                      ; Off                ; Off                ;
; Ignore ROW GLOBAL Buffers                                                  ; Off                ; Off                ;
; Ignore LCELL Buffers                                                       ; Off                ; Off                ;
; Ignore SOFT Buffers                                                        ; On                 ; On                 ;
; Limit AHDL Integers to 32 Bits                                             ; Off                ; Off                ;
; Optimization Technique                                                     ; Balanced           ; Balanced           ;
; Carry Chain Length                                                         ; 70                 ; 70                 ;
; Auto Carry Chains                                                          ; On                 ; On                 ;
; Auto Open-Drain Pins                                                       ; On                 ; On                 ;
; Perform WYSIWYG Primitive Resynthesis                                      ; Off                ; Off                ;
; Auto ROM Replacement                                                       ; On                 ; On                 ;
; Auto RAM Replacement                                                       ; On                 ; On                 ;
; Auto DSP Block Replacement                                                 ; On                 ; On                 ;
; Auto Shift Register Replacement                                            ; Auto               ; Auto               ;
; Allow Shift Register Merging across Hierarchies                            ; Auto               ; Auto               ;
; Auto Clock Enable Replacement                                              ; On                 ; On                 ;
; Strict RAM Replacement                                                     ; Off                ; Off                ;
; Allow Synchronous Control Signals                                          ; On                 ; On                 ;
; Force Use of Synchronous Clear Signals                                     ; Off                ; Off                ;
; Auto RAM Block Balancing                                                   ; On                 ; On                 ;
; Auto RAM to Logic Cell Conversion                                          ; Off                ; Off                ;
; Auto Resource Sharing                                                      ; Off                ; Off                ;
; Allow Any RAM Size For Recognition                                         ; Off                ; Off                ;
; Allow Any ROM Size For Recognition                                         ; Off                ; Off                ;
; Allow Any Shift Register Size For Recognition                              ; Off                ; Off                ;
; Use LogicLock Constraints during Resource Balancing                        ; On                 ; On                 ;
; Ignore translate_off and synthesis_off directives                          ; Off                ; Off                ;
; Timing-Driven Synthesis                                                    ; On                 ; On                 ;
; Report Parameter Settings                                                  ; On                 ; On                 ;
; Report Source Assignments                                                  ; On                 ; On                 ;
; Report Connectivity Checks                                                 ; On                 ; On                 ;
; Ignore Maximum Fan-Out Assignments                                         ; Off                ; Off                ;
; Synchronization Register Chain Length                                      ; 2                  ; 2                  ;
; PowerPlay Power Optimization                                               ; Normal compilation ; Normal compilation ;
; HDL message level                                                          ; Level2             ; Level2             ;
; Suppress Register Optimization Related Messages                            ; Off                ; Off                ;
; Number of Removed Registers Reported in Synthesis Report                   ; 5000               ; 5000               ;
; Number of Swept Nodes Reported in Synthesis Report                         ; 5000               ; 5000               ;
; Number of Inverted Registers Reported in Synthesis Report                  ; 100                ; 100                ;
; Clock MUX Protection                                                       ; On                 ; On                 ;
; Auto Gated Clock Conversion                                                ; Off                ; Off                ;
; Block Design Naming                                                        ; Auto               ; Auto               ;
; SDC constraint protection                                                  ; Off                ; Off                ;
; Synthesis Effort                                                           ; Auto               ; Auto               ;
; Shift Register Replacement - Allow Asynchronous Clear Signal               ; On                 ; On                 ;
; Pre-Mapping Resynthesis Optimization                                       ; Off                ; Off                ;
; Analysis & Synthesis Message Level                                         ; Medium             ; Medium             ;
; Disable Register Merging Across Hierarchies                                ; Auto               ; Auto               ;
; Resource Aware Inference For Block RAM                                     ; On                 ; On                 ;
; Synthesis Seed                                                             ; 1                  ; 1                  ;
+----------------------------------------------------------------------------+--------------------+--------------------+


+------------------------------------------+
; Parallel Compilation                     ;
+----------------------------+-------------+
; Processors                 ; Number      ;
+----------------------------+-------------+
; Number detected on machine ; 12          ;
; Maximum allowed            ; 6           ;
;                            ;             ;
; Average used               ; 1.00        ;
; Maximum used               ; 1           ;
;                            ;             ;
; Usage by Processor         ; % Time Used ;
;     Processor 1            ; 100.0%      ;
;     Processors 2-12        ;   0.0%      ;
+----------------------------+-------------+


+------------------------------------------------------------------------------------------------------------------------------------------------------------------------+
; Analysis & Synthesis Source Files Read                                                                                                                                 ;
+----------------------------------+-----------------+------------------------------------+--------------------------------------------------------------------+---------+
; File Name with User-Entered Path ; Used in Netlist ; File Type                          ; File Name with Absolute Path                                       ; Library ;
+----------------------------------+-----------------+------------------------------------+--------------------------------------------------------------------+---------+
; Block3.bdf                       ; yes             ; User Block Diagram/Schematic File  ; D:/prj/ca/idreg/Block3.bdf                                         ;         ;
; lpm_dff.tdf                      ; yes             ; Megafunction                       ; c:/altera/13.0sp1/quartus/libraries/megafunctions/lpm_dff.tdf      ;         ;
; lpm_constant.inc                 ; yes             ; Megafunction                       ; c:/altera/13.0sp1/quartus/libraries/megafunctions/lpm_constant.inc ;         ;
; dffeea.inc                       ; yes             ; Megafunction                       ; c:/altera/13.0sp1/quartus/libraries/megafunctions/dffeea.inc       ;         ;
; aglobal130.inc                   ; yes             ; Megafunction                       ; c:/altera/13.0sp1/quartus/libraries/megafunctions/aglobal130.inc   ;         ;
+----------------------------------+-----------------+------------------------------------+--------------------------------------------------------------------+---------+


+---------------------------------------------+
; Analysis & Synthesis Resource Usage Summary ;
+--------------------------+------------------+
; Resource                 ; Usage            ;
+--------------------------+------------------+
; I/O pins                 ; 371              ;
; DSP block 9-bit elements ; 0                ;
; Maximum fan-out node     ; clk~input        ;
; Maximum fan-out          ; 152              ;
; Total fan-out            ; 827              ;
; Average fan-out          ; 0.93             ;
+--------------------------+------------------+


+--------------------------------------------------------------------------------------------------------------------------------------------------------------------------------------------+
; Analysis & Synthesis Resource Utilization by Entity                                                                                                                                        ;
+----------------------------+-------------------+--------------+-------------+--------------+---------+-----------+-----------+------+--------------+------------------------+--------------+
; Compilation Hierarchy Node ; LC Combinationals ; LC Registers ; Memory Bits ; DSP Elements ; DSP 9x9 ; DSP 18x18 ; DSP 36x36 ; Pins ; Virtual Pins ; Full Hierarchy Name    ; Library Name ;
+----------------------------+-------------------+--------------+-------------+--------------+---------+-----------+-----------+------+--------------+------------------------+--------------+
; |Block3                    ; 0 (0)             ; 152 (7)      ; 0           ; 0            ; 0       ; 0         ; 0         ; 371  ; 0            ; |Block3                ; work         ;
;    |lpm_dff:inst10|        ; 0 (0)             ; 32 (32)      ; 0           ; 0            ; 0       ; 0         ; 0         ; 0    ; 0            ; |Block3|lpm_dff:inst10 ; work         ;
;    |lpm_dff:inst11|        ; 0 (0)             ; 32 (32)      ; 0           ; 0            ; 0       ; 0         ; 0         ; 0    ; 0            ; |Block3|lpm_dff:inst11 ; work         ;
;    |lpm_dff:inst12|        ; 0 (0)             ; 5 (5)        ; 0           ; 0            ; 0       ; 0         ; 0         ; 0    ; 0            ; |Block3|lpm_dff:inst12 ; work         ;
;    |lpm_dff:inst13|        ; 0 (0)             ; 5 (5)        ; 0           ; 0            ; 0       ; 0         ; 0         ; 0    ; 0            ; |Block3|lpm_dff:inst13 ; work         ;
;    |lpm_dff:inst14|        ; 0 (0)             ; 2 (2)        ; 0           ; 0            ; 0       ; 0         ; 0         ; 0    ; 0            ; |Block3|lpm_dff:inst14 ; work         ;
;    |lpm_dff:inst8|         ; 0 (0)             ; 32 (32)      ; 0           ; 0            ; 0       ; 0         ; 0         ; 0    ; 0            ; |Block3|lpm_dff:inst8  ; work         ;
;    |lpm_dff:inst9|         ; 0 (0)             ; 5 (5)        ; 0           ; 0            ; 0       ; 0         ; 0         ; 0    ; 0            ; |Block3|lpm_dff:inst9  ; work         ;
;    |lpm_dff:inst|          ; 0 (0)             ; 32 (32)      ; 0           ; 0            ; 0       ; 0         ; 0         ; 0    ; 0            ; |Block3|lpm_dff:inst   ; work         ;
+----------------------------+-------------------+--------------+-------------+--------------+---------+-----------+-----------+------+--------------+------------------------+--------------+
Note: For table entries with two numbers listed, the numbers in parentheses indicate the number of resources of the given type used by the specific entity alone. The numbers listed outside of parentheses indicate the total resources of the given type used by the specific entity and all of its sub-entities in the hierarchy.


+------------------------------------------------------+
; General Register Statistics                          ;
+----------------------------------------------+-------+
; Statistic                                    ; Value ;
+----------------------------------------------+-------+
; Total registers                              ; 152   ;
; Number of registers using Synchronous Clear  ; 0     ;
; Number of registers using Synchronous Load   ; 0     ;
; Number of registers using Asynchronous Clear ; 0     ;
; Number of registers using Asynchronous Load  ; 0     ;
; Number of registers using Clock Enable       ; 0     ;
; Number of registers using Preset             ; 0     ;
+----------------------------------------------+-------+


+-------------------------------------------------------------+
; Parameter Settings for User Entity Instance: LPM_DFF:inst14 ;
+------------------------+---------------+--------------------+
; Parameter Name         ; Value         ; Type               ;
+------------------------+---------------+--------------------+
; LPM_WIDTH              ; 2             ; Untyped            ;
; LPM_AVALUE             ; 0             ; Untyped            ;
; LPM_SVALUE             ; 0             ; Untyped            ;
; DEVICE_FAMILY          ; Cyclone IV GX ; Untyped            ;
; AUTO_CARRY_CHAINS      ; ON            ; AUTO_CARRY         ;
; IGNORE_CARRY_BUFFERS   ; OFF           ; IGNORE_CARRY       ;
; AUTO_CASCADE_CHAINS    ; ON            ; AUTO_CASCADE       ;
; IGNORE_CASCADE_BUFFERS ; OFF           ; IGNORE_CASCADE     ;
+------------------------+---------------+--------------------+
Note: In order to hide this table in the UI and the text report file, please set the "Show Parameter Settings in Synthesis Report" option in "Analysis and Synthesis Settings -> More Settings" to "Off".


+-------------------------------------------------------------+
; Parameter Settings for User Entity Instance: LPM_DFF:inst13 ;
+------------------------+---------------+--------------------+
; Parameter Name         ; Value         ; Type               ;
+------------------------+---------------+--------------------+
; LPM_WIDTH              ; 5             ; Untyped            ;
; LPM_AVALUE             ; 0             ; Untyped            ;
; LPM_SVALUE             ; 0             ; Untyped            ;
; DEVICE_FAMILY          ; Cyclone IV GX ; Untyped            ;
; AUTO_CARRY_CHAINS      ; ON            ; AUTO_CARRY         ;
; IGNORE_CARRY_BUFFERS   ; OFF           ; IGNORE_CARRY       ;
; AUTO_CASCADE_CHAINS    ; ON            ; AUTO_CASCADE       ;
; IGNORE_CASCADE_BUFFERS ; OFF           ; IGNORE_CASCADE     ;
+------------------------+---------------+--------------------+
Note: In order to hide this table in the UI and the text report file, please set the "Show Parameter Settings in Synthesis Report" option in "Analysis and Synthesis Settings -> More Settings" to "Off".


+------------------------------------------------------------+
; Parameter Settings for User Entity Instance: LPM_DFF:inst9 ;
+------------------------+---------------+-------------------+
; Parameter Name         ; Value         ; Type              ;
+------------------------+---------------+-------------------+
; LPM_WIDTH              ; 5             ; Untyped           ;
; LPM_AVALUE             ; 0             ; Untyped           ;
; LPM_SVALUE             ; 0             ; Untyped           ;
; DEVICE_FAMILY          ; Cyclone IV GX ; Untyped           ;
; AUTO_CARRY_CHAINS      ; ON            ; AUTO_CARRY        ;
; IGNORE_CARRY_BUFFERS   ; OFF           ; IGNORE_CARRY      ;
; AUTO_CASCADE_CHAINS    ; ON            ; AUTO_CASCADE      ;
; IGNORE_CASCADE_BUFFERS ; OFF           ; IGNORE_CASCADE    ;
+------------------------+---------------+-------------------+
Note: In order to hide this table in the UI and the text report file, please set the "Show Parameter Settings in Synthesis Report" option in "Analysis and Synthesis Settings -> More Settings" to "Off".


+-------------------------------------------------------------+
; Parameter Settings for User Entity Instance: LPM_DFF:inst12 ;
+------------------------+---------------+--------------------+
; Parameter Name         ; Value         ; Type               ;
+------------------------+---------------+--------------------+
; LPM_WIDTH              ; 5             ; Untyped            ;
; LPM_AVALUE             ; 0             ; Untyped            ;
; LPM_SVALUE             ; 0             ; Untyped            ;
; DEVICE_FAMILY          ; Cyclone IV GX ; Untyped            ;
; AUTO_CARRY_CHAINS      ; ON            ; AUTO_CARRY         ;
; IGNORE_CARRY_BUFFERS   ; OFF           ; IGNORE_CARRY       ;
; AUTO_CASCADE_CHAINS    ; ON            ; AUTO_CASCADE       ;
; IGNORE_CASCADE_BUFFERS ; OFF           ; IGNORE_CASCADE     ;
+------------------------+---------------+--------------------+
Note: In order to hide this table in the UI and the text report file, please set the "Show Parameter Settings in Synthesis Report" option in "Analysis and Synthesis Settings -> More Settings" to "Off".


+-----------------------------------------------------------+
; Parameter Settings for User Entity Instance: LPM_DFF:inst ;
+------------------------+---------------+------------------+
; Parameter Name         ; Value         ; Type             ;
+------------------------+---------------+------------------+
; LPM_WIDTH              ; 32            ; Untyped          ;
; LPM_AVALUE             ; 0             ; Untyped          ;
; LPM_SVALUE             ; 0             ; Untyped          ;
; DEVICE_FAMILY          ; Cyclone IV GX ; Untyped          ;
; AUTO_CARRY_CHAINS      ; ON            ; AUTO_CARRY       ;
; IGNORE_CARRY_BUFFERS   ; OFF           ; IGNORE_CARRY     ;
; AUTO_CASCADE_CHAINS    ; ON            ; AUTO_CASCADE     ;
; IGNORE_CASCADE_BUFFERS ; OFF           ; IGNORE_CASCADE   ;
+------------------------+---------------+------------------+
Note: In order to hide this table in the UI and the text report file, please set the "Show Parameter Settings in Synthesis Report" option in "Analysis and Synthesis Settings -> More Settings" to "Off".


+------------------------------------------------------------+
; Parameter Settings for User Entity Instance: LPM_DFF:inst8 ;
+------------------------+---------------+-------------------+
; Parameter Name         ; Value         ; Type              ;
+------------------------+---------------+-------------------+
; LPM_WIDTH              ; 32            ; Untyped           ;
; LPM_AVALUE             ; 0             ; Untyped           ;
; LPM_SVALUE             ; 0             ; Untyped           ;
; DEVICE_FAMILY          ; Cyclone IV GX ; Untyped           ;
; AUTO_CARRY_CHAINS      ; ON            ; AUTO_CARRY        ;
; IGNORE_CARRY_BUFFERS   ; OFF           ; IGNORE_CARRY      ;
; AUTO_CASCADE_CHAINS    ; ON            ; AUTO_CASCADE      ;
; IGNORE_CASCADE_BUFFERS ; OFF           ; IGNORE_CASCADE    ;
+------------------------+---------------+-------------------+
Note: In order to hide this table in the UI and the text report file, please set the "Show Parameter Settings in Synthesis Report" option in "Analysis and Synthesis Settings -> More Settings" to "Off".


+-------------------------------------------------------------+
; Parameter Settings for User Entity Instance: LPM_DFF:inst10 ;
+------------------------+---------------+--------------------+
; Parameter Name         ; Value         ; Type               ;
+------------------------+---------------+--------------------+
; LPM_WIDTH              ; 32            ; Untyped            ;
; LPM_AVALUE             ; 0             ; Untyped            ;
; LPM_SVALUE             ; 0             ; Untyped            ;
; DEVICE_FAMILY          ; Cyclone IV GX ; Untyped            ;
; AUTO_CARRY_CHAINS      ; ON            ; AUTO_CARRY         ;
; IGNORE_CARRY_BUFFERS   ; OFF           ; IGNORE_CARRY       ;
; AUTO_CASCADE_CHAINS    ; ON            ; AUTO_CASCADE       ;
; IGNORE_CASCADE_BUFFERS ; OFF           ; IGNORE_CASCADE     ;
+------------------------+---------------+--------------------+
Note: In order to hide this table in the UI and the text report file, please set the "Show Parameter Settings in Synthesis Report" option in "Analysis and Synthesis Settings -> More Settings" to "Off".


+-------------------------------------------------------------+
; Parameter Settings for User Entity Instance: LPM_DFF:inst11 ;
+------------------------+---------------+--------------------+
; Parameter Name         ; Value         ; Type               ;
+------------------------+---------------+--------------------+
; LPM_WIDTH              ; 32            ; Untyped            ;
; LPM_AVALUE             ; 0             ; Untyped            ;
; LPM_SVALUE             ; 0             ; Untyped            ;
; DEVICE_FAMILY          ; Cyclone IV GX ; Untyped            ;
; AUTO_CARRY_CHAINS      ; ON            ; AUTO_CARRY         ;
; IGNORE_CARRY_BUFFERS   ; OFF           ; IGNORE_CARRY       ;
; AUTO_CASCADE_CHAINS    ; ON            ; AUTO_CASCADE       ;
; IGNORE_CASCADE_BUFFERS ; OFF           ; IGNORE_CASCADE     ;
+------------------------+---------------+--------------------+
Note: In order to hide this table in the UI and the text report file, please set the "Show Parameter Settings in Synthesis Report" option in "Analysis and Synthesis Settings -> More Settings" to "Off".


+------------------------------------------------------------+
; Parameter Settings for User Entity Instance: LPM_DFF:inst6 ;
+------------------------+---------------+-------------------+
; Parameter Name         ; Value         ; Type              ;
+------------------------+---------------+-------------------+
; LPM_WIDTH              ; 32            ; Untyped           ;
; LPM_AVALUE             ; 0             ; Untyped           ;
; LPM_SVALUE             ; 0             ; Untyped           ;
; DEVICE_FAMILY          ; Cyclone IV GX ; Untyped           ;
; AUTO_CARRY_CHAINS      ; ON            ; AUTO_CARRY        ;
; IGNORE_CARRY_BUFFERS   ; OFF           ; IGNORE_CARRY      ;
; AUTO_CASCADE_CHAINS    ; ON            ; AUTO_CASCADE      ;
; IGNORE_CASCADE_BUFFERS ; OFF           ; IGNORE_CASCADE    ;
+------------------------+---------------+-------------------+
Note: In order to hide this table in the UI and the text report file, please set the "Show Parameter Settings in Synthesis Report" option in "Analysis and Synthesis Settings -> More Settings" to "Off".


+-------------------------------+
; Elapsed Time Per Partition    ;
+----------------+--------------+
; Partition Name ; Elapsed Time ;
+----------------+--------------+
; Top            ; 00:00:00     ;
+----------------+--------------+


+-------------------------------+
; Analysis & Synthesis Messages ;
+-------------------------------+
Info: *******************************************************************
Info: Running Quartus II 64-Bit Analysis & Synthesis
    Info: Version 13.0.1 Build 232 06/12/2013 Service Pack 1 SJ Web Edition
    Info: Processing started: Mon Jun 07 22:59:04 2021
Info: Command: quartus_map --read_settings_files=on --write_settings_files=off idreg -c idreg
Info (11104): Parallel Compilation has detected 12 hyper-threaded processors. However, the extra hyper-threaded processors will not be used by default. Parallel Compilation will use 6 of the 6 physical processors detected instead.
Info (12021): Found 0 design units, including 0 entities, in source file idreg.v
Info (12021): Found 1 design units, including 1 entities, in source file block3.bdf
    Info (12023): Found entity 1: Block3
Info (12127): Elaborating entity "Block3" for the top level hierarchy
Warning (275043): Pin "memtoregout" is missing source
Warning (275043): Pin "pcfo[31..0]" is missing source
Warning (275009): Pin "memToReg" not connected
Warning (275008): Primitive "DFF" of instance "inst445" not used
Info (12128): Elaborating entity "LPM_DFF" for hierarchy "LPM_DFF:inst14"
Info (12130): Elaborated megafunction instantiation "LPM_DFF:inst14"
Info (12133): Instantiated megafunction "LPM_DFF:inst14" with the following parameter:
    Info (12134): Parameter "LPM_WIDTH" = "2"
Info (12128): Elaborating entity "LPM_DFF" for hierarchy "LPM_DFF:inst13"
Info (12130): Elaborated megafunction instantiation "LPM_DFF:inst13"
Info (12133): Instantiated megafunction "LPM_DFF:inst13" with the following parameter:
    Info (12134): Parameter "LPM_WIDTH" = "5"
Info (12128): Elaborating entity "LPM_DFF" for hierarchy "LPM_DFF:inst"
Info (12130): Elaborated megafunction instantiation "LPM_DFF:inst"
Info (12133): Instantiated megafunction "LPM_DFF:inst" with the following parameter:
    Info (12134): Parameter "LPM_WIDTH" = "32"
Info (12128): Elaborating entity "LPM_DFF" for hierarchy "LPM_DFF:inst6"
Info (12130): Elaborated megafunction instantiation "LPM_DFF:inst6"
Info (12133): Instantiated megafunction "LPM_DFF:inst6" with the following parameter:
    Info (12134): Parameter "LPM_WIDTH" = "32"
Warning (13024): Output pins are stuck at VCC or GND
    Warning (13410): Pin "memtoregout" is stuck at GND
    Warning (13410): Pin "pcfo[31]" is stuck at GND
    Warning (13410): Pin "pcfo[30]" is stuck at GND
    Warning (13410): Pin "pcfo[29]" is stuck at GND
    Warning (13410): Pin "pcfo[28]" is stuck at GND
    Warning (13410): Pin "pcfo[27]" is stuck at GND
    Warning (13410): Pin "pcfo[26]" is stuck at GND
    Warning (13410): Pin "pcfo[25]" is stuck at GND
    Warning (13410): Pin "pcfo[24]" is stuck at GND
    Warning (13410): Pin "pcfo[23]" is stuck at GND
    Warning (13410): Pin "pcfo[22]" is stuck at GND
    Warning (13410): Pin "pcfo[21]" is stuck at GND
    Warning (13410): Pin "pcfo[20]" is stuck at GND
    Warning (13410): Pin "pcfo[19]" is stuck at GND
    Warning (13410): Pin "pcfo[18]" is stuck at GND
    Warning (13410): Pin "pcfo[17]" is stuck at GND
    Warning (13410): Pin "pcfo[16]" is stuck at GND
    Warning (13410): Pin "pcfo[15]" is stuck at GND
    Warning (13410): Pin "pcfo[14]" is stuck at GND
    Warning (13410): Pin "pcfo[13]" is stuck at GND
    Warning (13410): Pin "pcfo[12]" is stuck at GND
    Warning (13410): Pin "pcfo[11]" is stuck at GND
    Warning (13410): Pin "pcfo[10]" is stuck at GND
    Warning (13410): Pin "pcfo[9]" is stuck at GND
    Warning (13410): Pin "pcfo[8]" is stuck at GND
    Warning (13410): Pin "pcfo[7]" is stuck at GND
    Warning (13410): Pin "pcfo[6]" is stuck at GND
    Warning (13410): Pin "pcfo[5]" is stuck at GND
    Warning (13410): Pin "pcfo[4]" is stuck at GND
    Warning (13410): Pin "pcfo[3]" is stuck at GND
    Warning (13410): Pin "pcfo[2]" is stuck at GND
    Warning (13410): Pin "pcfo[1]" is stuck at GND
    Warning (13410): Pin "pcfo[0]" is stuck at GND
Info (286030): Timing-Driven Synthesis is running
Info (16010): Generating hard_block partition "hard_block:auto_generated_inst"
    Info (16011): Adding 0 node(s), including 0 DDIO, 0 PLL, 0 transceiver and 0 LCELL
Warning (21074): Design contains 33 input pin(s) that do not drive logic
    Warning (15610): No output dependent on input pin "pcpf[31]"
    Warning (15610): No output dependent on input pin "pcpf[30]"
    Warning (15610): No output dependent on input pin "pcpf[29]"
    Warning (15610): No output dependent on input pin "pcpf[28]"
    Warning (15610): No output dependent on input pin "pcpf[27]"
    Warning (15610): No output dependent on input pin "pcpf[26]"
    Warning (15610): No output dependent on input pin "pcpf[25]"
    Warning (15610): No output dependent on input pin "pcpf[24]"
    Warning (15610): No output dependent on input pin "pcpf[23]"
    Warning (15610): No output dependent on input pin "pcpf[22]"
    Warning (15610): No output dependent on input pin "pcpf[21]"
    Warning (15610): No output dependent on input pin "pcpf[20]"
    Warning (15610): No output dependent on input pin "pcpf[19]"
    Warning (15610): No output dependent on input pin "pcpf[18]"
    Warning (15610): No output dependent on input pin "pcpf[17]"
    Warning (15610): No output dependent on input pin "pcpf[16]"
    Warning (15610): No output dependent on input pin "pcpf[15]"
    Warning (15610): No output dependent on input pin "pcpf[14]"
    Warning (15610): No output dependent on input pin "pcpf[13]"
    Warning (15610): No output dependent on input pin "pcpf[12]"
    Warning (15610): No output dependent on input pin "pcpf[11]"
    Warning (15610): No output dependent on input pin "pcpf[10]"
    Warning (15610): No output dependent on input pin "pcpf[9]"
    Warning (15610): No output dependent on input pin "pcpf[8]"
    Warning (15610): No output dependent on input pin "pcpf[7]"
    Warning (15610): No output dependent on input pin "pcpf[6]"
    Warning (15610): No output dependent on input pin "pcpf[5]"
    Warning (15610): No output dependent on input pin "pcpf[4]"
    Warning (15610): No output dependent on input pin "pcpf[3]"
    Warning (15610): No output dependent on input pin "pcpf[2]"
    Warning (15610): No output dependent on input pin "pcpf[1]"
    Warning (15610): No output dependent on input pin "pcpf[0]"
    Warning (15610): No output dependent on input pin "memToReg"
Info (21057): Implemented 523 device resources after synthesis - the final resource count might be different
    Info (21058): Implemented 186 input pins
    Info (21059): Implemented 185 output pins
    Info (21061): Implemented 152 logic cells
Info: Quartus II 64-Bit Analysis & Synthesis was successful. 0 errors, 72 warnings
    Info: Peak virtual memory: 4686 megabytes
    Info: Processing ended: Mon Jun 07 22:59:08 2021
    Info: Elapsed time: 00:00:04
    Info: Total CPU time (on all processors): 00:00:04


